********************************************************************************
   General Structure Analysis System-II Crystal Structure Refinement
              by Robert B. Von Dreele & Brian H. Toby
                Argonne National Laboratory(C), 2010
 This product includes software developed by the UChicago Argonne, LLC,
            as Operator of Argonne National Laboratory.
                          Please cite:
   B.H. Toby & R.B. Von Dreele, J. Appl. Cryst. 46, 544-549 (2013)
********************************************************************************
 Least squares controls:
 Refinement type: analytic Hessian
 Maximum number of cycles: 8
 Regularize hydrogens (if any): False
 Initial shift factor: 1.000

 Phases:

 Phase name: Bi
=======================================================================================================================================

 X-ray scattering factors:
   Symbol     fa                                      fb                                      fc
---------------------------------------------------------------------------------------------------
 Bi        33.36890  12.95100  16.58770   6.46920   0.70400   2.92380   8.79370  48.00930  13.57820

 Neutron scattering factors:
   Symbol   isotope       mass       b       resonant terms
---------------------------------------------------------------------------------------------------
 Bi      Nat. Abund.    208.980    0.853

 Space Group: R -3 m h
 The lattice is centrosymmetric R-centered trigonal
 The Laue symmetry is 3m1
 The lattice point group is -3m
 Multiplicity of a general site is 36
 The inversion center is located at 0,0,0
 
 The equivalent positions are:

 (0,0,0; 2/3,1/3,1/3; 1/3,2/3,2/3)+

 ( 1)     X,     Y,     Z 
 ( 2)    -Y,   X-Y,     Z 
 ( 3)   Y-X,    -X,     Z 
 ( 4)   Y-X,     Y,     Z 
 ( 5)    -Y,    -X,     Z 
 ( 6)     X,   X-Y,     Z 

 Atoms:
   name    type  refine?   x         y         z      frac site sym  mult I/A   Uiso     U11     U22     U33     U12     U13     U23
---------------------------------------------------------------------------------------------------------------------------------------
    Bi1     Bi          0.00000   0.00000   0.23389   1.0003m(100)    6    I 0.01411                                                

 Unit cell: a = 4.55361 b = 4.55361 c = 11.85266 alpha = 90.000 beta = 90.000 gamma = 120.000 volume = 212.842 Refine? True

 Spherical harmonics texture: Order:0

 Phase name: LiBi
=======================================================================================================================================

 X-ray scattering factors:
   Symbol     fa                                      fb                                      fc
---------------------------------------------------------------------------------------------------
 Bi        33.36890  12.95100  16.58770   6.46920   0.70400   2.92380   8.79370  48.00930  13.57820
 Li         1.12820   0.75080   0.61750   0.46530   3.95460   1.05240  85.39050 168.26100   0.03770

 Neutron scattering factors:
   Symbol   isotope       mass       b       resonant terms
---------------------------------------------------------------------------------------------------
 Bi      Nat. Abund.    208.980    0.853
 Li      Nat. Abund.      6.941   -0.190

 Space Group: P 4/m m m
 The lattice is centrosymmetric primitive tetragonal
 The Laue symmetry is 4/mmm
 The lattice point group is 4/mmm
 Multiplicity of a general site is 16
 The inversion center is located at 0,0,0
 
 The equivalent positions are:

 ( 1)     X,     Y,     Z 
 ( 2)    -Y,     X,     Z 
 ( 3)    -X,    -Y,     Z 
 ( 4)     Y,    -X,     Z 
 ( 5)    -X,     Y,     Z 
 ( 6)    -Y,    -X,     Z 
 ( 7)     X,    -Y,     Z 
 ( 8)     Y,     X,     Z 

 Atoms:
   name    type  refine?   x         y         z      frac site sym  mult I/A   Uiso     U11     U22     U33     U12     U13     U23
---------------------------------------------------------------------------------------------------------------------------------------
    Bi1     Bi          0.00000   0.00000   0.00000   1.0004/mmm(z)    1    I 0.01000                                                
    Li1     Li          0.50000   0.50000   0.50000   1.0004/mmm(z)    1    I 0.01000                                                

 Unit cell: a = 3.33106 b = 3.33106 c = 4.26742 alpha = 90.000 beta = 90.000 gamma = 90.000 volume = 47.351 Refine? True

 Spherical harmonics texture: Order:0

 Phase name: Li2Te
=======================================================================================================================================

 X-ray scattering factors:
   Symbol     fa                                      fb                                      fc
---------------------------------------------------------------------------------------------------
 Te        19.96440  19.01380   6.14487   2.52390   4.81742   0.42089  28.52840  70.84030   4.35200
 Li+1       0.69680   0.78880   0.34140   0.15630   4.62370   1.95570   0.63160  10.09530   0.01670

 Neutron scattering factors:
   Symbol   isotope       mass       b       resonant terms
---------------------------------------------------------------------------------------------------
 Te      Nat. Abund.    127.600    0.568
 Li+1    Nat. Abund.      6.941   -0.190

 Space Group: F m -3 m
 The lattice is centrosymmetric F-centered cubic
 The Laue symmetry is m3m
 The lattice point group is m3m
 Multiplicity of a general site is 192
 The inversion center is located at 0,0,0
 
 The equivalent positions are:

 (0,0,0; 0,1/2,1/2; 1/2,0,1/2; 1/2,1/2,0)+

 ( 1)     X,     Y,     Z 
 ( 2)     Z,     X,     Y 
 ( 3)     Y,     Z,     X 
 ( 4)     X,     Y,    -Z 
 ( 5)    -Z,     X,     Y 
 ( 6)     Y,    -Z,     X 
 ( 7)    -Z,     X,    -Y 
 ( 8)    -Y,    -Z,     X 
 ( 9)     Y,    -Z,    -X 
 (10)    -X,     Y,    -Z 
 (11)    -Z,    -X,     Y 
 (12)     X,    -Y,    -Z 
 (13)     Y,     X,     Z 
 (14)     Z,     Y,     X 
 (15)     X,     Z,     Y 
 (16)     Y,     X,    -Z 
 (17)    -Z,     Y,     X 
 (18)     X,    -Z,     Y 
 (19)    -Z,     Y,    -X 
 (20)    -X,    -Z,     Y 
 (21)     X,    -Z,    -Y 
 (22)    -Y,     X,    -Z 
 (23)    -Z,    -Y,     X 
 (24)     Y,    -X,    -Z 

 Atoms:
   name    type  refine?   x         y         z      frac site sym  mult I/A   Uiso     U11     U22     U33     U12     U13     U23
---------------------------------------------------------------------------------------------------------------------------------------
    Te1     Te          0.00000   0.00000   0.00000   1.000    m3m    4    I 0.01000                                                
    Li1   Li+1          0.25000   0.25000   0.25000   1.000   -43m    8    I 0.01000                                                

 Unit cell: a = 6.54701 b = 6.54701 c = 6.54701 alpha = 90.000 beta = 90.000 gamma = 90.000 volume = 280.626 Refine? True

 Spherical harmonics texture: Order:0

 Phase: Bi in histogram: PWDR EBTL31.fxye Bank 1
=======================================================================================================================================
 Phase fraction  :     0.0546 Refine? True
 Extinction coeff:     0.0000 Refine? False
 March-Dollase PO:     1.0000 Refine? False Axis: 0 0 1

 Size model    : isotropic equatorial:       1.000 Refine? False
	 LG mixing coeff.:       1.0000 Refine? False

 Mustrain model: isotropic equatorial:      1000.0 Refine? False
	 LG mixing coeff.:      1.0000 Refine? False

 Hydrostatic/elastic strain:
 names :         D11         D33
 values:           0           0
 refine:       False       False

 Phase: LiBi in histogram: PWDR EBTL31.fxye Bank 1
=======================================================================================================================================
 Phase fraction  :     0.3515 Refine? True
 Extinction coeff:     0.0000 Refine? False
 March-Dollase PO:     1.0000 Refine? False Axis: 0 0 1

 Size model    : isotropic equatorial:       1.000 Refine? False
	 LG mixing coeff.:       1.0000 Refine? False

 Mustrain model: isotropic equatorial:      1000.0 Refine? False
	 LG mixing coeff.:      1.0000 Refine? False

 Hydrostatic/elastic strain:
 names :         D11         D33
 values:           0           0
 refine:       False       False
 Layer Displacement:      0.000 Refine? False

 Phase: Li2Te in histogram: PWDR EBTL31.fxye Bank 1
=======================================================================================================================================
 Phase fraction  :     0.5939 Refine? True
 Extinction coeff:     0.0000 Refine? False
 March-Dollase PO:     1.0000 Refine? False Axis: 0 0 1

 Size model    : isotropic equatorial:       1.000 Refine? False
	 LG mixing coeff.:       1.0000 Refine? False

 Mustrain model: isotropic equatorial:      1000.0 Refine? False
	 LG mixing coeff.:      1.0000 Refine? False

 Hydrostatic/elastic strain:
 names :         D11          eA
 values:           0           0
 refine:       False       False

 Histogram: PWDR EBTL31.fxye Bank 1 histogram Id: 0
=======================================================================================================================================
 Instrument type: Bragg-Brentano
 Histogram limits:     5.01 deg to    79.99 deg

 Sample Parameters:
 Goniometer omega = 0.00, chi = 0.00, phi = 0.00
 name  :         Scale         Shift  Transparency    SurfRoughA    SurfRoughB
 value :       27.9190        0.0000        0.0000        0.0000        0.0000
 refine:          True         False         False         False         False

 Instrument Parameters:
 name  :     Azimuth        Bank I(L2)/I(L1)        Lam1        Lam2    Polariz.        SH/L
 value :    0.000000    1.000000    0.500000    1.540500    1.544300    0.700000    0.002000
 refine:                   False       False                               False       False

 name  :           U           V           W           X           Y           Z        Zero
 value :    2.000000   -2.000000    5.000000   84.666646    0.000000    0.000000    0.000000
 refine:       False       False       False        True       False       False        True

 Background function: chebyschev-1 Refine? False
 Coefficients:   3117.905 -3748.560  1366.294   102.269  -531.416   339.807   -44.133   -84.726    -5.983   177.971  -195.106
                   58.093    53.055   -47.350    17.573   -19.090    45.152   -53.672    28.995    32.491   -63.754
                   42.657
 Fixed background file: ; mult: 1.000  Refine? False

 Refinement results:
---------------------------------------------------------------------------------------------------------------------------------------
 Number of function calls: 9 No. of observations: 2856 No. of parameters: 10 User rejected: 0 Sp. gp. extinct: 0
 Refinement time =    2.880s,    0.720s/cycle, for 4 cycles
 wR =   10.81%, chi**2 =       113266, GOF =   6.31
----------------------------------------------------------------------------------------------------------------------------------
Parameters generated by constraints

 name  :          0::A0          1::A0          2::A0      ::constr0      ::constr1
 value :        0.06589        0.09221        0.02367        0.00307        0.40574
 sig   :        0.00022        0.00021        0.00002        0.01084        0.00641

 Phases:
 Result for phase: Bi
=======================================================================================================================================
 Reciprocal metric tensor: 
  names :            A11            A22            A33            A12            A13            A23
  values:    0.065891812    0.065891812    0.007153686    0.065891812    0.000000000    0.000000000
  esds  :    0.000215453                   0.000037703                                             
 New unit cell:
  names :           a           b           c       alpha        beta       gamma      Volume
  values:    4.498354    4.498354   11.823200     90.0000     90.0000    120.0000     207.192
  esds  :    0.012257    0.012257    0.031156                                           0.628

 Atoms:
   name      x         y         z      frac   Uiso     U11     U22     U33     U12     U13     U23
---------------------------------------------------------------------------------------------------------------------------------------
    Bi1     Bi:
 values:   0.00000   0.00000   0.23389   1.000 0.01411
 sig   :                                              

 Density: 10.0492 g/cm**3
 Result for phase: LiBi
=======================================================================================================================================
 Reciprocal metric tensor: 
  names :            A11            A22            A33            A12            A13            A23
  values:    0.092210783    0.092210783    0.055577181    0.000000000    0.000000000    0.000000000
  esds  :    0.000207704                   0.000156842                                             
 New unit cell:
  names :           a           b           c       alpha        beta       gamma      Volume
  values:    3.293132    3.293132    4.241815     90.0000     90.0000     90.0000      46.001
  esds  :    0.003709    0.003709    0.005985                                           0.090

 Atoms:
   name      x         y         z      frac   Uiso     U11     U22     U33     U12     U13     U23
---------------------------------------------------------------------------------------------------------------------------------------
    Bi1     Bi:
 values:   0.00000   0.00000   0.00000   1.000 0.01000
 sig   :                                              
    Li1     Li:
 values:   0.50000   0.50000   0.50000   1.000 0.01000
 sig   :                                              

 Density: 7.7942 g/cm**3
 Result for phase: Li2Te
=======================================================================================================================================
 Reciprocal metric tensor: 
  names :            A11            A22            A33            A12            A13            A23
  values:    0.023670299    0.023670299    0.023670299    0.000000000    0.000000000    0.000000000
  esds  :    0.000021417                                                                           
 New unit cell:
  names :           a           b           c       alpha        beta       gamma      Volume
  values:    6.499772    6.499772    6.499772     90.0000     90.0000     90.0000     274.596
  esds  :    0.002940    0.002940    0.002940                                           0.373

 Atoms:
   name      x         y         z      frac   Uiso     U11     U22     U33     U12     U13     U23
---------------------------------------------------------------------------------------------------------------------------------------
    Te1     Te:
 values:   0.00000   0.00000   0.00000   1.000 0.01000
 sig   :                                              
    Li1   Li+1:
 values:   0.25000   0.25000   0.25000   1.000 0.01000
 sig   :                                              

 Density: 3.4223 g/cm**3

 Phase: Bi in histogram: PWDR EBTL31.fxye Bank 1
=======================================================================================================================================
 Final refinement RF, RF^2 = 6.30%, 14.87% on 24 reflections
 Durbin-Watson statistic = 0.055
 Bragg intensity sum = 2.39e+05
 Phase fraction  :   0.045179, sig  0.0030763 Weight fraction  :  0.11815, sig    0.00805

 Phase: LiBi in histogram: PWDR EBTL31.fxye Bank 1
=======================================================================================================================================
 Final refinement RF, RF^2 = 12.93%, 69.65% on 17 reflections
 Durbin-Watson statistic = 0.055
 Bragg intensity sum = 3.34e+05
 Phase fraction  :    0.33584, sig  0.0088477 Weight fraction  :  0.15124, sig    0.00398

 Phase: Li2Te in histogram: PWDR EBTL31.fxye Bank 1
=======================================================================================================================================
 Final refinement RF, RF^2 = 6.01%, 24.42% on 11 reflections
 Durbin-Watson statistic = 0.055
 Bragg intensity sum = 9.93e+05
 Phase fraction  :    0.61898, sig  0.0084106 Weight fraction  :  0.73061, sig    0.00993

 Histogram: PWDR EBTL31.fxye Bank 1 histogram Id: 0
=======================================================================================================================================
 PWDR histogram weight factor = 1.000
 Final refinement wR = 10.81% on 2856 observations in this histogram
 Other residuals: R = 8.14%, R-bkg = 10.05%, wR-bkg = 10.81% wRmin = 1.72%
 Instrument type: Bragg-Brentano

 Resonant form factors:(ref: D.T. Cromer & D.A. Liberman (1981), Acta Cryst. A37, 267-268.)
 Element:       Bi       Li       Te     Li+1
 f'     :   -4.013    0.001   -0.180    0.001
 f"     :    8.926    0.000    6.351    0.000

 Sample Parameters:
 names :         Scale         Shift  Transparency    SurfRoughA    SurfRoughB
 values:       28.2804        0.0000        0.0000        0.0000        0.0000
 sig   :        0.3831                                                        

 Instrument Parameters:
 names :           U           V           W           X           Y           Z        Zero
 value :    2.000000   -2.000000    5.000000   87.367492    0.000000    0.000000   -0.303411
 sig   :                                        1.625649                            0.013470
 Background sums: empirical 7.71e+06, Debye 0, peaks 0, Total 7.71e+06
